[2025-11-03 21:15:36] === Inicio del cuaderno ===
[2025-11-03 21:15:36] RAIZ: D:\UPRA\2025\PROYECTOS\vcrt_rangoprecios
[2025-11-03 21:15:36] Excel: D:\UPRA\2025\PROYECTOS\vcrt_rangoprecios\data\20250610_Consolidado_Variables_Precio_VCRT_V13.xlsx
[2025-11-03 21:15:36] Coords CSV: D:\UPRA\2025\PROYECTOS\vcrt_rangoprecios\data\20250610_Consolidado_VCRT_coordenadas.csv
[2025-11-03 21:15:36] Municipios GPKG: D:\UPRA\2025\PROYECTOS\vcrt_rangoprecios\geometrias\Municipios.gpkg
[2025-11-03 21:15:36] OK archivo: D:\UPRA\2025\PROYECTOS\vcrt_rangoprecios\data\20250610_Consolidado_Variables_Precio_VCRT_V13.xlsx
[2025-11-03 21:15:36] OK archivo: D:\UPRA\2025\PROYECTOS\vcrt_rangoprecios\data\20250610_Consolidado_VCRT_coordenadas.csv
[2025-11-03 21:15:36] OK archivo: D:\UPRA\2025\PROYECTOS\vcrt_rangoprecios\geometrias\Municipios.gpkg
[2025-11-03 21:21:24] === Inicio del cuaderno ===
[2025-11-03 21:21:24] RAIZ: D:\UPRA\2025\PROYECTOS\vcrt_rangoprecios
[2025-11-03 21:21:24] Excel: D:\UPRA\2025\PROYECTOS\vcrt_rangoprecios\data\20250610_Consolidado_Variables_Precio_VCRT_V13.xlsx
[2025-11-03 21:21:24] Coords CSV: D:\UPRA\2025\PROYECTOS\vcrt_rangoprecios\data\20250610_Consolidado_VCRT_coordenadas.csv
[2025-11-03 21:21:24] Municipios GPKG: D:\UPRA\2025\PROYECTOS\vcrt_rangoprecios\geometrias\Municipios.gpkg
[2025-11-03 21:21:24] OK archivo: D:\UPRA\2025\PROYECTOS\vcrt_rangoprecios\data\20250610_Consolidado_Variables_Precio_VCRT_V13.xlsx
[2025-11-03 21:21:24] OK archivo: D:\UPRA\2025\PROYECTOS\vcrt_rangoprecios\data\20250610_Consolidado_VCRT_coordenadas.csv
[2025-11-03 21:21:24] OK archivo: D:\UPRA\2025\PROYECTOS\vcrt_rangoprecios\geometrias\Municipios.gpkg
[2025-11-03 21:23:23] === Inicio del cuaderno ===
[2025-11-03 21:23:23] RAIZ: D:\UPRA\2025\PROYECTOS\vcrt_rangoprecios
[2025-11-03 21:23:23] Excel: D:\UPRA\2025\PROYECTOS\vcrt_rangoprecios\data\20250610_Consolidado_Variables_Precio_VCRT_V13.xlsx
[2025-11-03 21:23:23] Coords CSV: D:\UPRA\2025\PROYECTOS\vcrt_rangoprecios\data\20250610_Consolidado_VCRT_coordenadas.csv
[2025-11-03 21:23:23] Municipios GPKG: D:\UPRA\2025\PROYECTOS\vcrt_rangoprecios\geometrias\Municipios.gpkg
[2025-11-03 21:23:23] OK archivo: D:\UPRA\2025\PROYECTOS\vcrt_rangoprecios\data\20250610_Consolidado_Variables_Precio_VCRT_V13.xlsx
[2025-11-03 21:23:23] OK archivo: D:\UPRA\2025\PROYECTOS\vcrt_rangoprecios\data\20250610_Consolidado_VCRT_coordenadas.csv
[2025-11-03 21:23:23] OK archivo: D:\UPRA\2025\PROYECTOS\vcrt_rangoprecios\geometrias\Municipios.gpkg
[2025-11-03 21:24:00] === Inicio del cuaderno ===
[2025-11-03 21:24:00] RAIZ: D:\UPRA\2025\PROYECTOS\vcrt_rangoprecios
[2025-11-03 21:24:00] Excel: D:\UPRA\2025\PROYECTOS\vcrt_rangoprecios\data\20250610_Consolidado_Variables_Precio_VCRT_V13.xlsx
[2025-11-03 21:24:00] Coords CSV: D:\UPRA\2025\PROYECTOS\vcrt_rangoprecios\data\20250610_Consolidado_VCRT_coordenadas.csv
[2025-11-03 21:24:00] Municipios GPKG: D:\UPRA\2025\PROYECTOS\vcrt_rangoprecios\geometrias\Municipios.gpkg
[2025-11-03 21:24:00] OK archivo: D:\UPRA\2025\PROYECTOS\vcrt_rangoprecios\data\20250610_Consolidado_Variables_Precio_VCRT_V13.xlsx
[2025-11-03 21:24:00] OK archivo: D:\UPRA\2025\PROYECTOS\vcrt_rangoprecios\data\20250610_Consolidado_VCRT_coordenadas.csv
[2025-11-03 21:24:00] OK archivo: D:\UPRA\2025\PROYECTOS\vcrt_rangoprecios\geometrias\Municipios.gpkg
[2025-11-03 21:24:11] === Inicio del cuaderno ===
[2025-11-03 21:24:11] RAIZ: D:\UPRA\2025\PROYECTOS\vcrt_rangoprecios
[2025-11-03 21:24:11] Excel: D:\UPRA\2025\PROYECTOS\vcrt_rangoprecios\data\20250610_Consolidado_Variables_Precio_VCRT_V13.xlsx
[2025-11-03 21:24:11] Coords CSV: D:\UPRA\2025\PROYECTOS\vcrt_rangoprecios\data\20250610_Consolidado_VCRT_coordenadas.csv
[2025-11-03 21:24:11] Municipios GPKG: D:\UPRA\2025\PROYECTOS\vcrt_rangoprecios\geometrias\Municipios.gpkg
[2025-11-03 21:24:11] OK archivo: D:\UPRA\2025\PROYECTOS\vcrt_rangoprecios\data\20250610_Consolidado_Variables_Precio_VCRT_V13.xlsx
[2025-11-03 21:24:11] OK archivo: D:\UPRA\2025\PROYECTOS\vcrt_rangoprecios\data\20250610_Consolidado_VCRT_coordenadas.csv
[2025-11-03 21:24:11] OK archivo: D:\UPRA\2025\PROYECTOS\vcrt_rangoprecios\geometrias\Municipios.gpkg
[2025-11-03 21:24:11] Cargando Excel y CSV...
[2025-11-03 21:24:12] df_vars shape: (1118, 46)
[2025-11-03 21:24:12] df_coords shape: (1118, 49)
[2025-11-03 21:24:12] Cargando Municipios.gpkg...
[2025-11-03 21:24:16] gdf_mun shape: (1121, 7)
[2025-11-03 21:24:37] Creando VCRT_valor_medio desde rangos...
[2025-11-03 21:26:29] Realizando unión municipios + atributos VCRT...
[2025-11-03 21:26:56] Realizando unión municipios + atributos VCRT...
[2025-11-03 21:26:56] No-match (tabla->mun): 1118 | Guardado en D:\UPRA\2025\PROYECTOS\vcrt_rangoprecios\salidas\logs\no_match_codigos.csv
[2025-11-03 21:26:56] Resultado unión shape: (1121, 54)
[2025-11-04 00:24:47] Capítulo exportado a: D:\UPRA\2025\PROYECTOS\vcrt_rangoprecios\salidas\reportes\capitulo_vcrt.md
[2025-11-04 01:08:39] Capítulo exportado a: D:\UPRA\2025\PROYECTOS\vcrt_rangoprecios\salidas\reportes\capitulo_vcrt.md
